// Jest Snapshot v1, https://goo.gl/fbAQLP

exports[`<AppStore /> renders correctly 1`] = `
ReactWrapper {
  Symbol(enzyme.__renderer__): Object {
    "batchedUpdates": [Function],
    "getNode": [Function],
    "getWrappingComponentRenderer": [Function],
    "render": [Function],
    "simulateError": [Function],
    "simulateEvent": [Function],
    "unmount": [Function],
  },
  Symbol(enzyme.__root__): [Circular],
  Symbol(enzyme.__node__): Object {
    "instance": null,
    "key": undefined,
    "nodeType": "function",
    "props": Object {
      "apps": Array [],
      "categories": Array [],
    },
    "ref": null,
    "rendered": Object {
      "instance": <div
        class="appstore"
      >
        <div
          class="top"
        >
          <svg />
        </div>
      </div>,
      "key": undefined,
      "nodeType": "host",
      "props": Object {
        "children": Array [
          <div
            className="top"
          >
            <Unknown />
          </div>,
          Array [],
        ],
        "className": "appstore",
      },
      "ref": null,
      "rendered": Array [
        Object {
          "instance": <div
            class="top"
          >
            <svg />
          </div>,
          "key": undefined,
          "nodeType": "host",
          "props": Object {
            "children": <Unknown />,
            "className": "top",
          },
          "ref": null,
          "rendered": Array [
            Object {
              "instance": null,
              "key": undefined,
              "nodeType": "function",
              "props": Object {},
              "ref": null,
              "rendered": Object {
                "instance": <svg />,
                "key": undefined,
                "nodeType": "host",
                "props": Object {},
                "ref": null,
                "rendered": Array [
                  undefined,
                ],
                "type": "svg",
              },
              "type": [Function],
            },
          ],
          "type": "div",
        },
        null,
      ],
      "type": "div",
    },
    "type": [Function],
  },
  Symbol(enzyme.__nodes__): Array [
    Object {
      "instance": null,
      "key": undefined,
      "nodeType": "function",
      "props": Object {
        "apps": Array [],
        "categories": Array [],
      },
      "ref": null,
      "rendered": Object {
        "instance": <div
          class="appstore"
        >
          <div
            class="top"
          >
            <svg />
          </div>
        </div>,
        "key": undefined,
        "nodeType": "host",
        "props": Object {
          "children": Array [
            <div
              className="top"
            >
              <Unknown />
            </div>,
            Array [],
          ],
          "className": "appstore",
        },
        "ref": null,
        "rendered": Array [
          Object {
            "instance": <div
              class="top"
            >
              <svg />
            </div>,
            "key": undefined,
            "nodeType": "host",
            "props": Object {
              "children": <Unknown />,
              "className": "top",
            },
            "ref": null,
            "rendered": Array [
              Object {
                "instance": null,
                "key": undefined,
                "nodeType": "function",
                "props": Object {},
                "ref": null,
                "rendered": Object {
                  "instance": <svg />,
                  "key": undefined,
                  "nodeType": "host",
                  "props": Object {},
                  "ref": null,
                  "rendered": Array [
                    undefined,
                  ],
                  "type": "svg",
                },
                "type": [Function],
              },
            ],
            "type": "div",
          },
          null,
        ],
        "type": "div",
      },
      "type": [Function],
    },
  ],
  Symbol(enzyme.__options__): Object {
    "adapter": ReactSixteenAdapter {
      "options": Object {
        "enableComponentDidUpdateOnSetState": true,
        "legacyContextMode": "parent",
        "lifecycles": Object {
          "componentDidUpdate": Object {
            "onSetState": true,
          },
          "getChildContext": Object {
            "calledByRenderer": false,
          },
          "getDerivedStateFromError": true,
          "getDerivedStateFromProps": Object {
            "hasShouldComponentUpdateBug": false,
          },
          "getSnapshotBeforeUpdate": true,
          "setState": Object {
            "skipsComponentDidUpdateOnNullish": true,
          },
        },
      },
    },
  },
  Symbol(enzyme.__linkedRoots__): Array [],
  Symbol(enzyme.__unrendered__): <AppStore
    apps={Array []}
    categories={Array []}
  />,
  Symbol(enzyme.__updatedBy__): null,
}
`;
