// Jest Snapshot v1, https://goo.gl/fbAQLP

exports[`<CategoryTitle /> renders correctly 1`] = `
ReactWrapper {
  Symbol(enzyme.__renderer__): Object {
    "batchedUpdates": [Function],
    "getNode": [Function],
    "getWrappingComponentRenderer": [Function],
    "render": [Function],
    "simulateError": [Function],
    "simulateEvent": [Function],
    "unmount": [Function],
    "wrapInvoke": [Function],
  },
  Symbol(enzyme.__root__): [Circular],
  Symbol(enzyme.__node__): Object {
    "instance": null,
    "key": undefined,
    "nodeType": "function",
    "props": Object {
      "children": "TestTitle",
    },
    "ref": null,
    "rendered": Object {
      "instance": <h2
        class="categoryTitle"
      >
        TestTitle
      </h2>,
      "key": undefined,
      "nodeType": "host",
      "props": Object {
        "children": "TestTitle",
        "className": "categoryTitle",
      },
      "ref": null,
      "rendered": Array [
        "TestTitle",
      ],
      "type": "h2",
    },
    "type": [Function],
  },
  Symbol(enzyme.__nodes__): Array [
    Object {
      "instance": null,
      "key": undefined,
      "nodeType": "function",
      "props": Object {
        "children": "TestTitle",
      },
      "ref": null,
      "rendered": Object {
        "instance": <h2
          class="categoryTitle"
        >
          TestTitle
        </h2>,
        "key": undefined,
        "nodeType": "host",
        "props": Object {
          "children": "TestTitle",
          "className": "categoryTitle",
        },
        "ref": null,
        "rendered": Array [
          "TestTitle",
        ],
        "type": "h2",
      },
      "type": [Function],
    },
  ],
  Symbol(enzyme.__options__): Object {
    "adapter": ReactSixteenAdapter {
      "options": Object {
        "enableComponentDidUpdateOnSetState": true,
        "legacyContextMode": "parent",
        "lifecycles": Object {
          "componentDidUpdate": Object {
            "onSetState": true,
          },
          "getChildContext": Object {
            "calledByRenderer": false,
          },
          "getDerivedStateFromError": true,
          "getDerivedStateFromProps": Object {
            "hasShouldComponentUpdateBug": false,
          },
          "getSnapshotBeforeUpdate": true,
          "setState": Object {
            "skipsComponentDidUpdateOnNullish": true,
          },
        },
      },
    },
  },
  Symbol(enzyme.__linkedRoots__): Array [],
  Symbol(enzyme.__unrendered__): <CategoryTitle>
    TestTitle
  </CategoryTitle>,
  Symbol(enzyme.__updatedBy__): null,
}
`;
